
> after5-agent-front@0.0.0 build
> tsc -b && vite build

src/components/albert/SourcePerformance.tsx(31,41): error TS6133: 'idx' is declared but its value is never read.
src/components/leads/LeadDetail.tsx(10,23): error TS6133: 'ExternalLink' is declared but its value is never read.
src/components/ui/Badge.tsx(40,54): error TS6133: 'variant' is declared but its value is never read.
